2025-10-31T02:24:01.522Z [INFO]: 🚀 Server running on port 3000
2025-10-31T02:27:13.222Z [INFO]: 🚀 Server running on port 3000
2025-10-31T02:27:18.441Z [INFO]: Socket connected: wPWUNKGFUc3MUuySAAAB
2025-10-31T02:27:18.452Z [INFO]: ✅ User jisan connected
2025-10-31T02:27:18.453Z [INFO]: Broadcasted online users: jisan
2025-10-31T02:27:45.963Z [INFO]: 🚀 Server running on port 3000
2025-10-31T02:27:46.435Z [INFO]: Socket connected: geg4M83mvfvI1f-YAAAB
2025-10-31T02:28:02.401Z [INFO]: Socket connected: GrllZrPhsO1F7iNCAAAD
2025-10-31T02:28:08.027Z [INFO]: ✅ User jony connected
2025-10-31T02:28:08.028Z [INFO]: Broadcasted online users: jony
2025-10-31T02:28:19.684Z [INFO]: Socket connected: Y4f4zbo8kKWRv9nhAAAF
2025-10-31T02:28:48.533Z [INFO]: ✅ User jony connected
2025-10-31T02:28:48.534Z [INFO]: Broadcasted online users: jony
2025-10-31T02:28:52.550Z [INFO]: ❌ User jony disconnected
2025-10-31T02:28:52.550Z [INFO]: Broadcasted online users: jony
2025-10-31T02:28:52.605Z [INFO]: Socket connected: 7gPz4Nbii9u408kTAAAH
2025-10-31T02:28:52.672Z [INFO]: ✅ User jony connected
2025-10-31T02:28:52.672Z [INFO]: Broadcasted online users: jony
2025-10-31T02:29:00.181Z [INFO]: ✅ User jisan connected
2025-10-31T02:29:00.182Z [INFO]: Broadcasted online users: jony, jisan
2025-10-31T02:29:09.434Z [INFO]: Notification sent from jisan to jony: hi
2025-10-31T02:30:23.766Z [INFO]: Socket connected: 2d4b8orlXeq7m5dhAAAJ
2025-10-31T02:30:29.250Z [INFO]: ✅ User jakia connected
2025-10-31T02:30:29.251Z [INFO]: Broadcasted online users: jony, jisan, jakia
2025-10-31T02:30:39.460Z [INFO]: ❌ User jakia disconnected
2025-10-31T02:30:39.460Z [INFO]: Broadcasted online users: jony, jisan
2025-10-31T02:30:39.476Z [INFO]: Socket connected: PExDNXU0RriFKfEGAAAL
2025-10-31T02:30:39.479Z [INFO]: ✅ User jakia connected
2025-10-31T02:30:39.479Z [INFO]: Broadcasted online users: jony, jisan, jakia
2025-10-31T02:30:40.414Z [INFO]: ❌ User jakia disconnected
2025-10-31T02:30:40.414Z [INFO]: Broadcasted online users: jony, jisan
2025-10-31T02:30:40.429Z [INFO]: Socket connected: wcGaqqbDaGIq5otbAAAN
2025-10-31T02:30:40.432Z [INFO]: ✅ User jakia connected
2025-10-31T02:30:40.433Z [INFO]: Broadcasted online users: jony, jisan, jakia
2025-10-31T02:30:41.076Z [INFO]: ❌ User jakia disconnected
2025-10-31T02:30:41.076Z [INFO]: Broadcasted online users: jony, jisan
2025-10-31T02:30:41.097Z [INFO]: Socket connected: -tG7yHwMBPLBMJSRAAAP
2025-10-31T02:30:41.098Z [INFO]: ✅ User jakia connected
2025-10-31T02:30:41.099Z [INFO]: Broadcasted online users: jony, jisan, jakia
2025-10-31T02:30:59.232Z [INFO]: Notification sent from jakia to jony: hi
2025-10-31T02:31:22.695Z [INFO]: Notification sent from jony to jakia: hi
2025-10-31T02:31:36.418Z [INFO]: Notification sent from jisan to jony: hi
2025-10-31T02:31:50.667Z [INFO]: Notification sent from jisan to jakia: hi
2025-10-31T02:43:16.612Z [INFO]: 🚀 Server running on port 3000
2025-10-31T02:43:18.447Z [INFO]: Socket connected: y1E00T0L9NJAIZunAAAB
2025-10-31T02:43:20.442Z [INFO]: Socket connected: QrK0lZQYfOpPgQLoAAAD
2025-10-31T02:43:20.834Z [INFO]: Socket connected: MnXBVXT7eHqIOSQRAAAF
2025-10-31T02:43:33.262Z [INFO]: Socket connected: C8e6cifCAYM6paN_AAAH
2025-10-31T02:43:46.477Z [INFO]: Broadcasted chat users: jony
2025-10-31T02:43:46.519Z [INFO]: ✅ User jony joined chat
2025-10-31T02:43:46.519Z [INFO]: ✅ User jony registered for notifications
2025-10-31T02:43:46.520Z [INFO]: Broadcasted online users: jony
2025-10-31T02:44:50.370Z [INFO]: Socket connected: iE41we1eNajzG2gbAAAJ
2025-10-31T02:44:52.672Z [INFO]: Socket connected: iY5UgOynXya2d_bwAAAL
2025-10-31T02:44:56.371Z [INFO]: Broadcasted chat users: jony, jakia
2025-10-31T02:44:56.371Z [INFO]: ✅ User jakia joined chat
2025-10-31T02:44:56.373Z [INFO]: ✅ User jakia registered for notifications
2025-10-31T02:44:56.373Z [INFO]: Broadcasted online users: jony, jakia
2025-10-31T02:45:03.256Z [INFO]: Broadcasted chat users: jony, jakia, jisan
2025-10-31T02:45:03.257Z [INFO]: ✅ User jisan joined chat
2025-10-31T02:45:03.259Z [INFO]: ✅ User jisan registered for notifications
2025-10-31T02:45:03.260Z [INFO]: Broadcasted online users: jony, jakia, jisan
2025-10-31T02:49:53.033Z [INFO]: 🚀 Server running on port 3000
2025-10-31T02:49:55.326Z [INFO]: Socket connected: m92oktAfP7BZykz-AAAB
2025-10-31T02:49:55.450Z [INFO]: Socket connected: LWU0sUpJ-6n36ZviAAAD
2025-10-31T02:49:56.787Z [INFO]: Socket connected: urOULxu4UFTqXgvMAAAF
2025-10-31T02:50:09.506Z [INFO]: Socket connected: I3FXl4U4iLy7e06jAAAH
2025-10-31T02:50:51.162Z [INFO]: 🚀 Server running on port 3000
2025-10-31T02:50:53.365Z [INFO]: Socket connected: _AjzTfhdwM0Lq91lAAAB
2025-10-31T02:50:54.431Z [INFO]: Socket connected: l_xUCWrVOSIyIwMjAAAD
2025-10-31T02:50:55.204Z [INFO]: Socket connected: ceSqANTyoumm4TBxAAAF
2025-10-31T02:50:58.718Z [INFO]: Socket connected: 406pJCEaJF1zcbLeAAAH
2025-10-31T02:51:02.841Z [INFO]: Broadcasted chat users: jony
2025-10-31T02:51:02.886Z [INFO]: ✅ User jony joined chat
2025-10-31T02:51:02.886Z [INFO]: ✅ User jony registered for notifications
2025-10-31T02:51:02.886Z [INFO]: Broadcasted online users: jony
2025-10-31T02:56:35.077Z [INFO]: 🚀 Server running on port 3000
2025-10-31T02:56:36.447Z [INFO]: Socket connected: ZHYq_TP7C5fSn02KAAAB
2025-10-31T02:56:37.342Z [INFO]: Socket connected: -TAyLCfQeqt_HIPdAAAD
2025-10-31T02:56:37.349Z [INFO]: Broadcasted chat users: jony
2025-10-31T02:56:37.386Z [INFO]: ✅ User jony joined chat
2025-10-31T02:56:37.387Z [INFO]: ✅ User jony registered for notifications
2025-10-31T02:56:37.388Z [INFO]: Broadcasted online users: jony
2025-10-31T02:56:40.127Z [INFO]: Socket connected: uIKo2NRy3W-WVYtbAAAF
2025-10-31T02:56:42.495Z [INFO]: Broadcasted online users: 
2025-10-31T02:56:42.495Z [INFO]: ❌ User jony disconnected from notifications
2025-10-31T02:56:42.496Z [INFO]: Broadcasted chat users: 
2025-10-31T02:56:42.497Z [INFO]: ❌ User jony left chat
2025-10-31T02:56:42.515Z [INFO]: Socket connected: xLuMC76hts7Ja90AAAAH
2025-10-31T02:56:47.590Z [INFO]: Broadcasted chat users: jony
2025-10-31T02:56:47.591Z [INFO]: ✅ User jony joined chat
2025-10-31T02:56:47.592Z [INFO]: ✅ User jony registered for notifications
2025-10-31T02:56:47.592Z [INFO]: Broadcasted online users: jony
2025-10-31T02:58:16.185Z [INFO]: Broadcasted online users: 
2025-10-31T02:58:16.185Z [INFO]: ❌ User jony disconnected from notifications
2025-10-31T02:58:16.185Z [INFO]: Broadcasted chat users: 
2025-10-31T02:58:16.186Z [INFO]: ❌ User jony left chat
2025-10-31T02:58:16.195Z [INFO]: Socket connected: 2Wxb63c16ldmcHTQAAAJ
2025-10-31T02:58:22.539Z [INFO]: Broadcasted chat users: jony
2025-10-31T02:58:22.539Z [INFO]: ✅ User jony joined chat
2025-10-31T02:58:22.540Z [INFO]: ✅ User jony registered for notifications
2025-10-31T02:58:22.541Z [INFO]: Broadcasted online users: jony
2025-10-31T02:58:25.079Z [INFO]: Broadcasted online users: 
2025-10-31T02:58:25.080Z [INFO]: ❌ User jony disconnected from notifications
2025-10-31T02:58:25.080Z [INFO]: Broadcasted chat users: 
2025-10-31T02:58:25.080Z [INFO]: ❌ User jony left chat
2025-10-31T02:58:25.089Z [INFO]: Socket connected: I_4KYNxC4IErX3OeAAAL
2025-10-31T02:58:30.405Z [INFO]: Broadcasted chat users: jony
2025-10-31T02:58:30.406Z [INFO]: ✅ User jony joined chat
2025-10-31T02:58:30.407Z [INFO]: ✅ User jony registered for notifications
2025-10-31T02:58:30.407Z [INFO]: Broadcasted online users: jony
2025-10-31T02:59:02.342Z [INFO]: Socket connected: R9HoIjETW_0O5KF9AAAN
2025-10-31T02:59:08.001Z [INFO]: ✅ User jony registered for notifications
2025-10-31T02:59:08.002Z [INFO]: Broadcasted online users: jony
2025-10-31T02:59:19.638Z [INFO]: Broadcasted online users: jony
2025-10-31T02:59:19.638Z [INFO]: ❌ User jony disconnected from notifications
2025-10-31T02:59:19.638Z [INFO]: Broadcasted chat users: 
2025-10-31T02:59:19.639Z [INFO]: ❌ User jony left chat
2025-10-31T02:59:19.656Z [INFO]: Socket connected: l3HVWpU1i-q5-ybAAAAP
2025-10-31T02:59:23.356Z [INFO]: ✅ User jaku registered for notifications
2025-10-31T02:59:23.357Z [INFO]: Broadcasted online users: jony, jaku
2025-10-31T03:01:16.771Z [INFO]: Broadcasted online users: jaku
2025-10-31T03:01:16.771Z [INFO]: ❌ User jony disconnected from notifications
2025-10-31T03:01:16.779Z [INFO]: Socket connected: 6FejobGd-Df6KSqeAAAR
2025-10-31T03:01:17.275Z [INFO]: Socket connected: 7FIVJ9QlVgv8qnEsAAAT
2025-10-31T03:01:19.628Z [INFO]: ✅ User jony registered for notifications
2025-10-31T03:01:19.629Z [INFO]: Broadcasted online users: jaku, jony
2025-10-31T03:01:36.790Z [INFO]: ✅ User jaku registered for notifications
2025-10-31T03:01:36.791Z [INFO]: Broadcasted online users: jaku, jony
2025-10-31T03:04:05.657Z [INFO]: Broadcasted online users: jony
2025-10-31T03:04:05.657Z [INFO]: ❌ User jaku disconnected from notifications
2025-10-31T03:04:05.725Z [INFO]: Socket connected: _N1sglOn_pcXiUovAAAV
2025-10-31T03:04:07.524Z [INFO]: ✅ User jaku registered for notifications
2025-10-31T03:04:07.525Z [INFO]: Broadcasted online users: jony, jaku
2025-10-31T03:04:18.639Z [INFO]: Broadcasted online users: jony
2025-10-31T03:04:18.639Z [INFO]: ❌ User jaku disconnected from notifications
2025-10-31T03:04:18.658Z [INFO]: Socket connected: JXy39E4ldG7dx2fAAAAX
2025-10-31T03:04:19.538Z [INFO]: Socket connected: 3Ut2hxCqp9aWz1NuAAAZ
2025-10-31T03:04:21.207Z [INFO]: ✅ User jaku registered for notifications
2025-10-31T03:04:21.208Z [INFO]: Broadcasted online users: jony, jaku
2025-10-31T03:04:22.507Z [INFO]: ✅ User jaku registered for notifications
2025-10-31T03:04:22.508Z [INFO]: Broadcasted online users: jony, jaku
2025-10-31T03:04:24.174Z [INFO]: ✅ User jaku registered for notifications
2025-10-31T03:04:24.175Z [INFO]: Broadcasted online users: jony, jaku
2025-10-31T03:04:25.175Z [INFO]: ✅ User jaku registered for notifications
2025-10-31T03:04:25.175Z [INFO]: Broadcasted online users: jony, jaku
2025-10-31T03:04:26.008Z [INFO]: ✅ User jaku registered for notifications
2025-10-31T03:04:26.008Z [INFO]: Broadcasted online users: jony, jaku
2025-10-31T03:04:26.025Z [INFO]: ✅ User jaku registered for notifications
2025-10-31T03:04:26.025Z [INFO]: Broadcasted online users: jony, jaku
2025-10-31T03:04:26.191Z [INFO]: ✅ User jaku registered for notifications
2025-10-31T03:04:26.191Z [INFO]: Broadcasted online users: jony, jaku
2025-10-31T03:04:26.374Z [INFO]: ✅ User jaku registered for notifications
2025-10-31T03:04:26.375Z [INFO]: Broadcasted online users: jony, jaku
2025-10-31T03:04:26.541Z [INFO]: ✅ User jaku registered for notifications
2025-10-31T03:04:26.541Z [INFO]: Broadcasted online users: jony, jaku
2025-10-31T03:04:26.724Z [INFO]: ✅ User jaku registered for notifications
2025-10-31T03:04:26.725Z [INFO]: Broadcasted online users: jony, jaku
2025-10-31T03:04:26.890Z [INFO]: ✅ User jaku registered for notifications
2025-10-31T03:04:26.891Z [INFO]: Broadcasted online users: jony, jaku
2025-10-31T03:04:27.057Z [INFO]: ✅ User jaku registered for notifications
2025-10-31T03:04:27.058Z [INFO]: Broadcasted online users: jony, jaku
2025-10-31T03:04:27.224Z [INFO]: ✅ User jaku registered for notifications
2025-10-31T03:04:27.224Z [INFO]: Broadcasted online users: jony, jaku
2025-10-31T03:05:12.700Z [INFO]: Broadcasted online users: jaku
2025-10-31T03:05:12.700Z [INFO]: ❌ User jony disconnected from notifications
2025-10-31T03:05:13.349Z [INFO]: Socket connected: TnGy6J-EmXJ5h063AAAb
2025-10-31T03:06:44.949Z [INFO]: ✅ User jony registered for notifications
2025-10-31T03:06:44.950Z [INFO]: Broadcasted online users: jaku, jony
2025-10-31T03:06:46.182Z [INFO]: ✅ User jony registered for notifications
2025-10-31T03:06:46.182Z [INFO]: Broadcasted online users: jaku, jony
2025-10-31T03:06:46.512Z [INFO]: ✅ User jony registered for notifications
2025-10-31T03:06:46.513Z [INFO]: Broadcasted online users: jaku, jony
2025-10-31T03:06:46.532Z [INFO]: ✅ User jony registered for notifications
2025-10-31T03:06:46.533Z [INFO]: Broadcasted online users: jaku, jony
2025-10-31T03:06:46.695Z [INFO]: ✅ User jony registered for notifications
2025-10-31T03:06:46.695Z [INFO]: Broadcasted online users: jaku, jony
2025-10-31T03:06:50.521Z [INFO]: Broadcasted online users: jaku
2025-10-31T03:06:50.521Z [INFO]: ❌ User jony disconnected from notifications
2025-10-31T03:06:50.533Z [INFO]: Socket connected: yPu_-YCAoJuG8C93AAAd
2025-10-31T03:06:52.829Z [INFO]: ✅ User jony registered for notifications
2025-10-31T03:06:52.830Z [INFO]: Broadcasted online users: jaku, jony
2025-10-31T03:06:53.663Z [INFO]: ✅ User jony registered for notifications
2025-10-31T03:06:53.663Z [INFO]: Broadcasted online users: jaku, jony
2025-10-31T03:06:53.680Z [INFO]: ✅ User jony registered for notifications
2025-10-31T03:06:53.680Z [INFO]: Broadcasted online users: jaku, jony
2025-10-31T03:06:53.899Z [INFO]: ✅ User jony registered for notifications
2025-10-31T03:06:53.900Z [INFO]: Broadcasted online users: jaku, jony
2025-10-31T03:17:55.663Z [INFO]: 🚀 Server running on port 3000
2025-10-31T03:17:56.433Z [INFO]: Socket connected: fEnuuAgBcE7Hbc5TAAAB
2025-10-31T03:17:56.440Z [INFO]: ✅ User jony registered for notifications
2025-10-31T03:17:56.441Z [INFO]: Broadcasted online users: jony
2025-10-31T03:17:57.436Z [INFO]: Socket connected: Nw0JtugaeVqnNUv8AAAD
2025-10-31T03:17:57.455Z [INFO]: Socket connected: FYYfJlBuOtyqlkHgAAAF
2025-10-31T03:17:57.461Z [INFO]: ✅ User jaku registered for notifications
2025-10-31T03:17:57.462Z [INFO]: Broadcasted online users: jony, jaku
2025-10-31T03:18:08.244Z [INFO]: Broadcasted online users: jaku
2025-10-31T03:18:08.245Z [INFO]: ❌ User jony disconnected from notifications
2025-10-31T03:18:08.259Z [INFO]: Socket connected: iShj_4MSE8HCDfU6AAAH
2025-10-31T03:18:10.365Z [INFO]: ✅ User jony registered for notifications
2025-10-31T03:18:10.366Z [INFO]: Broadcasted online users: jaku, jony
2025-10-31T03:18:11.214Z [INFO]: ✅ User jony registered for notifications
2025-10-31T03:18:11.215Z [INFO]: Broadcasted online users: jaku, jony
2025-10-31T03:18:11.230Z [INFO]: ✅ User jony registered for notifications
2025-10-31T03:18:11.232Z [INFO]: Broadcasted online users: jaku, jony
2025-10-31T03:18:11.414Z [INFO]: ✅ User jony registered for notifications
2025-10-31T03:18:11.414Z [INFO]: Broadcasted online users: jaku, jony
2025-10-31T03:18:16.803Z [INFO]: Broadcasted online users: jony
2025-10-31T03:18:16.803Z [INFO]: ❌ User jaku disconnected from notifications
2025-10-31T03:18:16.952Z [INFO]: Socket connected: WPtZO-LUZzmu4iRqAAAJ
2025-10-31T03:18:18.508Z [INFO]: ✅ User jaku registered for notifications
2025-10-31T03:18:18.509Z [INFO]: Broadcasted online users: jony, jaku
2025-10-31T03:18:19.207Z [INFO]: ✅ User jaku registered for notifications
2025-10-31T03:18:19.211Z [INFO]: Broadcasted online users: jony, jaku
2025-10-31T03:18:19.224Z [INFO]: ✅ User jaku registered for notifications
2025-10-31T03:18:19.225Z [INFO]: Broadcasted online users: jony, jaku
2025-10-31T03:18:19.390Z [INFO]: ✅ User jaku registered for notifications
2025-10-31T03:18:19.392Z [INFO]: Broadcasted online users: jony, jaku
2025-10-31T03:18:19.557Z [INFO]: ✅ User jaku registered for notifications
2025-10-31T03:18:19.558Z [INFO]: Broadcasted online users: jony, jaku
2025-10-31T03:18:26.024Z [INFO]: ✅ User jaku registered for notifications
2025-10-31T03:18:26.025Z [INFO]: Broadcasted online users: jony, jaku
2025-10-31T03:18:26.557Z [INFO]: ✅ User jaku registered for notifications
2025-10-31T03:18:26.558Z [INFO]: Broadcasted online users: jony, jaku
2025-10-31T03:18:26.574Z [INFO]: ✅ User jaku registered for notifications
2025-10-31T03:18:26.575Z [INFO]: Broadcasted online users: jony, jaku
2025-10-31T03:18:26.742Z [INFO]: ✅ User jaku registered for notifications
2025-10-31T03:18:26.743Z [INFO]: Broadcasted online users: jony, jaku
2025-10-31T03:18:26.924Z [INFO]: ✅ User jaku registered for notifications
2025-10-31T03:18:26.925Z [INFO]: Broadcasted online users: jony, jaku
2025-10-31T03:18:27.074Z [INFO]: ✅ User jaku registered for notifications
2025-10-31T03:18:27.075Z [INFO]: Broadcasted online users: jony, jaku
2025-10-31T03:18:27.240Z [INFO]: ✅ User jaku registered for notifications
2025-10-31T03:18:27.241Z [INFO]: Broadcasted online users: jony, jaku
2025-10-31T03:18:27.407Z [INFO]: ✅ User jaku registered for notifications
2025-10-31T03:18:27.408Z [INFO]: Broadcasted online users: jony, jaku
2025-10-31T03:18:27.557Z [INFO]: ✅ User jaku registered for notifications
2025-10-31T03:18:27.557Z [INFO]: Broadcasted online users: jony, jaku
2025-10-31T03:19:22.657Z [INFO]: ✅ User jaku registered for notifications
2025-10-31T03:19:22.658Z [INFO]: Broadcasted online users: jony, jaku
2025-10-31T03:19:23.324Z [INFO]: ✅ User jaku registered for notifications
2025-10-31T03:19:23.325Z [INFO]: Broadcasted online users: jony, jaku
2025-10-31T03:19:23.341Z [INFO]: ✅ User jaku registered for notifications
2025-10-31T03:19:23.342Z [INFO]: Broadcasted online users: jony, jaku
2025-10-31T03:19:23.507Z [INFO]: ✅ User jaku registered for notifications
2025-10-31T03:19:23.508Z [INFO]: Broadcasted online users: jony, jaku
2025-10-31T03:19:23.674Z [INFO]: ✅ User jaku registered for notifications
2025-10-31T03:19:23.677Z [INFO]: Broadcasted online users: jony, jaku
2025-10-31T03:20:58.463Z [INFO]: ✅ User jony registered for notifications
2025-10-31T03:20:58.463Z [INFO]: Broadcasted online users: jony, jaku
2025-10-31T03:20:59.815Z [INFO]: ✅ User jony registered for notifications
2025-10-31T03:20:59.816Z [INFO]: Broadcasted online users: jony, jaku
2025-10-31T03:21:02.739Z [INFO]: Broadcasted online users: jaku
2025-10-31T03:21:02.739Z [INFO]: ❌ User jony disconnected from notifications
2025-10-31T03:21:02.751Z [INFO]: Socket connected: PbkmvoZaCCKx4XMqAAAL
2025-10-31T03:21:04.681Z [INFO]: ✅ User jony registered for notifications
2025-10-31T03:21:04.682Z [INFO]: Broadcasted online users: jaku, jony
2025-10-31T03:21:50.564Z [INFO]: Broadcasted online users: jaku
2025-10-31T03:21:50.565Z [INFO]: ❌ User jony disconnected from notifications
2025-10-31T03:21:50.588Z [INFO]: Socket connected: OF51wvG-X9MmKlJTAAAN
2025-10-31T03:22:00.503Z [INFO]: Socket connected: 29xFHlQ_nJmq71P8AAAP
2025-10-31T03:22:01.218Z [INFO]: Socket connected: 3zrT-RgLJ5Ud3sHuAAAR
2025-10-31T03:22:03.764Z [INFO]: ✅ User jony registered for notifications
2025-10-31T03:22:03.764Z [INFO]: Broadcasted online users: jaku, jony
2025-10-31T03:22:10.058Z [INFO]: ✅ User jaku registered for notifications
2025-10-31T03:22:10.060Z [INFO]: Broadcasted online users: jaku, jony
2025-10-31T03:22:11.191Z [INFO]: ✅ User jaku registered for notifications
2025-10-31T03:22:11.192Z [INFO]: Broadcasted online users: jaku, jony
2025-10-31T03:22:11.210Z [INFO]: ✅ User jaku registered for notifications
2025-10-31T03:22:11.211Z [INFO]: Broadcasted online users: jaku, jony
2025-10-31T03:22:11.375Z [INFO]: ✅ User jaku registered for notifications
2025-10-31T03:22:11.376Z [INFO]: Broadcasted online users: jaku, jony
2025-10-31T03:22:11.541Z [INFO]: ✅ User jaku registered for notifications
2025-10-31T03:22:11.545Z [INFO]: Broadcasted online users: jaku, jony
2025-10-31T03:22:11.691Z [INFO]: ✅ User jaku registered for notifications
2025-10-31T03:22:11.693Z [INFO]: Broadcasted online users: jaku, jony
2025-10-31T03:22:11.858Z [INFO]: ✅ User jaku registered for notifications
2025-10-31T03:22:11.859Z [INFO]: Broadcasted online users: jaku, jony
2025-10-31T03:22:12.023Z [INFO]: ✅ User jaku registered for notifications
2025-10-31T03:22:12.023Z [INFO]: Broadcasted online users: jaku, jony
2025-10-31T03:22:12.192Z [INFO]: ✅ User jaku registered for notifications
2025-10-31T03:22:12.194Z [INFO]: Broadcasted online users: jaku, jony
2025-10-31T03:22:12.358Z [INFO]: ✅ User jaku registered for notifications
2025-10-31T03:22:12.358Z [INFO]: Broadcasted online users: jaku, jony
2025-10-31T03:22:15.964Z [INFO]: ✅ User jony registered for notifications
2025-10-31T03:22:15.965Z [INFO]: Broadcasted online users: jaku, jony
2025-10-31T03:22:15.965Z [INFO]: ✅ User jony registered for notifications
2025-10-31T03:22:15.966Z [INFO]: Broadcasted online users: jaku, jony
2025-10-31T03:22:16.151Z [INFO]: ✅ User jony registered for notifications
2025-10-31T03:22:16.152Z [INFO]: Broadcasted online users: jaku, jony
2025-10-31T03:23:36.960Z [INFO]: Broadcasted online users: jaku
2025-10-31T03:23:36.960Z [INFO]: ❌ User jony disconnected from notifications
2025-10-31T03:23:36.978Z [INFO]: Socket connected: Q9hnrHAcFFnqELM_AAAT
2025-10-31T03:23:37.772Z [INFO]: Broadcasted online users: 
2025-10-31T03:23:37.772Z [INFO]: ❌ User jaku disconnected from notifications
2025-10-31T03:23:37.803Z [INFO]: Socket connected: IT2zeubkpNwVU3PkAAAV
2025-10-31T03:23:41.646Z [INFO]: ✅ User jony registered for notifications
2025-10-31T03:23:41.646Z [INFO]: Broadcasted online users: jony
2025-10-31T03:23:42.289Z [INFO]: ✅ User jony registered for notifications
2025-10-31T03:23:42.290Z [INFO]: Broadcasted online users: jony
2025-10-31T03:23:42.297Z [INFO]: ✅ User jony registered for notifications
2025-10-31T03:23:42.298Z [INFO]: Broadcasted online users: jony
2025-10-31T03:23:42.470Z [INFO]: ✅ User jony registered for notifications
2025-10-31T03:23:42.471Z [INFO]: Broadcasted online users: jony
2025-10-31T03:23:42.640Z [INFO]: ✅ User jony registered for notifications
2025-10-31T03:23:42.640Z [INFO]: Broadcasted online users: jony
2025-10-31T03:23:44.870Z [INFO]: Broadcasted online users: 
2025-10-31T03:23:44.870Z [INFO]: ❌ User jony disconnected from notifications
2025-10-31T03:23:44.881Z [INFO]: Socket connected: 9OfDRyY8ZsdzGN1jAAAX
2025-10-31T03:23:46.858Z [INFO]: ✅ User jony registered for notifications
2025-10-31T03:23:46.858Z [INFO]: Broadcasted online users: jony
2025-10-31T03:23:48.475Z [INFO]: ✅ User jaku registered for notifications
2025-10-31T03:23:48.475Z [INFO]: Broadcasted online users: jony, jaku
2025-10-31T03:23:48.477Z [INFO]: ✅ User jaku registered for notifications
2025-10-31T03:23:48.477Z [INFO]: Broadcasted online users: jony, jaku
2025-10-31T03:23:48.676Z [INFO]: ✅ User jaku registered for notifications
2025-10-31T03:23:48.676Z [INFO]: Broadcasted online users: jony, jaku
2025-10-31T03:23:48.842Z [INFO]: ✅ User jaku registered for notifications
2025-10-31T03:23:48.843Z [INFO]: Broadcasted online users: jony, jaku
2025-10-31T03:23:49.026Z [INFO]: ✅ User jaku registered for notifications
2025-10-31T03:23:49.027Z [INFO]: Broadcasted online users: jony, jaku
2025-10-31T03:23:49.192Z [INFO]: ✅ User jaku registered for notifications
2025-10-31T03:23:49.193Z [INFO]: Broadcasted online users: jony, jaku
2025-10-31T03:23:49.359Z [INFO]: ✅ User jaku registered for notifications
2025-10-31T03:23:49.360Z [INFO]: Broadcasted online users: jony, jaku
2025-10-31T03:23:49.543Z [INFO]: ✅ User jaku registered for notifications
2025-10-31T03:23:49.544Z [INFO]: Broadcasted online users: jony, jaku
2025-10-31T03:23:49.709Z [INFO]: ✅ User jaku registered for notifications
2025-10-31T03:23:49.710Z [INFO]: Broadcasted online users: jony, jaku
2025-10-31T03:23:49.892Z [INFO]: ✅ User jaku registered for notifications
2025-10-31T03:23:49.893Z [INFO]: Broadcasted online users: jony, jaku
2025-10-31T03:23:50.059Z [INFO]: ✅ User jaku registered for notifications
2025-10-31T03:23:50.060Z [INFO]: Broadcasted online users: jony, jaku
2025-10-31T03:23:50.209Z [INFO]: ✅ User jaku registered for notifications
2025-10-31T03:23:50.210Z [INFO]: Broadcasted online users: jony, jaku
2025-10-31T03:23:50.376Z [INFO]: ✅ User jaku registered for notifications
2025-10-31T03:23:50.377Z [INFO]: Broadcasted online users: jony, jaku
2025-10-31T03:23:50.559Z [INFO]: ✅ User jaku registered for notifications
2025-10-31T03:23:50.560Z [INFO]: Broadcasted online users: jony, jaku
2025-10-31T03:23:50.744Z [INFO]: ✅ User jaku registered for notifications
2025-10-31T03:23:50.744Z [INFO]: Broadcasted online users: jony, jaku
2025-10-31T03:23:50.910Z [INFO]: ✅ User jaku registered for notifications
2025-10-31T03:23:50.911Z [INFO]: Broadcasted online users: jony, jaku
2025-10-31T03:23:51.109Z [INFO]: ✅ User jaku registered for notifications
2025-10-31T03:23:51.111Z [INFO]: Broadcasted online users: jony, jaku
2025-10-31T03:23:52.342Z [INFO]: Broadcasted online users: jony
2025-10-31T03:23:52.343Z [INFO]: ❌ User jaku disconnected from notifications
2025-10-31T03:23:52.377Z [INFO]: Socket connected: 8qf3wT0JrgIrGaPtAAAZ
2025-10-31T03:23:53.894Z [INFO]: ✅ User jaku registered for notifications
2025-10-31T03:23:53.895Z [INFO]: Broadcasted online users: jony, jaku
2025-10-31T03:23:58.109Z [INFO]: ✅ User jaku registered for notifications
2025-10-31T03:23:58.110Z [INFO]: Broadcasted online users: jony, jaku
2025-10-31T03:24:11.594Z [INFO]: Socket connected: uYuMCf7jdJNLjJdoAAAb
2025-10-31T03:24:15.391Z [INFO]: ✅ User jisan registered for notifications
2025-10-31T03:24:15.391Z [INFO]: Broadcasted online users: jony, jaku, jisan
2025-10-31T03:24:31.508Z [INFO]: Broadcasted online users: jony, jaku
2025-10-31T03:24:31.508Z [INFO]: ❌ User jisan disconnected from notifications
2025-10-31T03:24:31.560Z [INFO]: Socket connected: PaT_ItDuJsT8CRrBAAAd
2025-10-31T03:24:33.730Z [INFO]: ✅ User jisan registered for notifications
2025-10-31T03:24:33.731Z [INFO]: Broadcasted online users: jony, jaku, jisan
2025-10-31T03:24:34.343Z [INFO]: ✅ User jisan registered for notifications
2025-10-31T03:24:34.344Z [INFO]: Broadcasted online users: jony, jaku, jisan
2025-10-31T03:24:34.361Z [INFO]: ✅ User jisan registered for notifications
2025-10-31T03:24:34.361Z [INFO]: Broadcasted online users: jony, jaku, jisan
2025-10-31T03:24:34.527Z [INFO]: ✅ User jisan registered for notifications
2025-10-31T03:24:34.528Z [INFO]: Broadcasted online users: jony, jaku, jisan
2025-10-31T03:24:35.176Z [INFO]: ✅ User jisan registered for notifications
2025-10-31T03:24:35.178Z [INFO]: Broadcasted online users: jony, jaku, jisan
2025-10-31T03:24:35.193Z [INFO]: ✅ User jisan registered for notifications
2025-10-31T03:24:35.194Z [INFO]: Broadcasted online users: jony, jaku, jisan
2025-10-31T03:24:35.359Z [INFO]: ✅ User jisan registered for notifications
2025-10-31T03:24:35.362Z [INFO]: Broadcasted online users: jony, jaku, jisan
2025-10-31T03:24:35.525Z [INFO]: ✅ User jisan registered for notifications
2025-10-31T03:24:35.527Z [INFO]: Broadcasted online users: jony, jaku, jisan
2025-10-31T03:24:35.677Z [INFO]: ✅ User jisan registered for notifications
2025-10-31T03:24:35.677Z [INFO]: Broadcasted online users: jony, jaku, jisan
2025-10-31T03:24:35.927Z [INFO]: ✅ User jisan registered for notifications
2025-10-31T03:24:35.927Z [INFO]: Broadcasted online users: jony, jaku, jisan
2025-10-31T03:24:36.110Z [INFO]: ✅ User jisan registered for notifications
2025-10-31T03:24:36.110Z [INFO]: Broadcasted online users: jony, jaku, jisan
2025-10-31T03:24:51.492Z [INFO]: Broadcasted online users: jony, jaku
2025-10-31T03:24:51.492Z [INFO]: ❌ User jisan disconnected from notifications
2025-10-31T03:24:51.555Z [INFO]: Socket connected: tT6dhz3WE_imUVPkAAAf
2025-10-31T03:24:53.211Z [INFO]: ✅ User jisan registered for notifications
2025-10-31T03:24:53.212Z [INFO]: Broadcasted online users: jony, jaku, jisan
2025-10-31T03:24:54.510Z [INFO]: ✅ User jisan registered for notifications
2025-10-31T03:24:54.510Z [INFO]: Broadcasted online users: jony, jaku, jisan
2025-10-31T03:24:54.527Z [INFO]: ✅ User jisan registered for notifications
2025-10-31T03:24:54.528Z [INFO]: Broadcasted online users: jony, jaku, jisan
2025-10-31T03:24:54.692Z [INFO]: ✅ User jisan registered for notifications
2025-10-31T03:24:54.693Z [INFO]: Broadcasted online users: jony, jaku, jisan
2025-10-31T03:24:54.844Z [INFO]: ✅ User jisan registered for notifications
2025-10-31T03:24:54.844Z [INFO]: Broadcasted online users: jony, jaku, jisan
2025-10-31T03:26:05.167Z [INFO]: Broadcasted online users: jaku, jisan
2025-10-31T03:26:05.168Z [INFO]: ❌ User jony disconnected from notifications
2025-10-31T03:26:05.206Z [INFO]: Socket connected: VL3uQCDDY2EkjCedAAAh
2025-10-31T03:26:07.793Z [INFO]: ✅ User jony registered for notifications
2025-10-31T03:26:07.793Z [INFO]: Broadcasted online users: jaku, jisan, jony
2025-10-31T03:26:55.394Z [INFO]: ✅ User jisan registered for notifications
2025-10-31T03:26:55.395Z [INFO]: Broadcasted online users: jaku, jisan, jony
2025-10-31T03:26:57.588Z [INFO]: Broadcasted online users: jaku, jony
2025-10-31T03:26:57.589Z [INFO]: ❌ User jisan disconnected from notifications
2025-10-31T03:26:57.656Z [INFO]: Socket connected: gpONcsBuLTJRlq54AAAj
2025-10-31T03:26:59.009Z [INFO]: ✅ User jisan registered for notifications
2025-10-31T03:26:59.009Z [INFO]: Broadcasted online users: jaku, jony, jisan
